▶ issue 39 scan audit failures
  ✖ prints the JSON report and a warning when the audit directory is unusable (19.951243ms)
  ✔ keeps destructive cleanup audit writes strict (16.785397ms)
✖ issue 39 scan audit failures (39.40511ms)
ℹ tests 2
ℹ suites 1
ℹ pass 1
ℹ fail 1
ℹ cancelled 0
ℹ skipped 0
ℹ todo 0
ℹ duration_ms 320.280032

✖ failing tests:

test at node_modules/test-anywhere/src/index.js:174:12
✖ prints the JSON report and a warning when the audit directory is unusable (19.951243ms)
  Error: Expected 1 to be 0
      at Object.toBe (file:///tmp/gh-issue-solver-1791629994547/node_modules/test-anywhere/src/index.js:391:15)
      at TestContext.<anonymous> (file:///tmp/gh-issue-solver-1791629994547/tests/issue-39-audit.test.js:20:20)
      at async Test.run (node:internal/test_runner/test:1409:7)
      at async Promise.all (index 0)
      at async Suite.run (node:internal/test_runner/test:1905:7)
      at async startSubtestAfterBootstrap (node:internal/test_runner/harness:387:3)
