▶ issue 35 containerd writable storage
  ✔ finds the authoritative root upperdir when GraphDriver is null (45.562504ms)
  ✖ batches idle writable paths, preserves open paths and measures reclaimed blocks (126.432661ms)
  ✔ never deletes an image-only cache with a containerd upperdir (22.125679ms)
✖ issue 35 containerd writable storage (197.26968ms)
ℹ tests 3
ℹ suites 1
ℹ pass 2
ℹ fail 1
ℹ cancelled 0
ℹ skipped 0
ℹ todo 0
ℹ duration_ms 399.651397

✖ failing tests:

test at node_modules/test-anywhere/src/index.js:174:12
✖ batches idle writable paths, preserves open paths and measures reclaimed blocks (126.432661ms)
  Error: Expected 2 to be 1
      at Object.toBe (file:///tmp/gh-issue-solver-1791629994547/node_modules/test-anywhere/src/index.js:391:15)
      at TestContext.<anonymous> (file:///tmp/gh-issue-solver-1791629994547/tests/issue-35-mountinfo.test.js:105:31)
      at process.processTicksAndRejections (node:internal/process/task_queues:104:5)
      at async Test.run (node:internal/test_runner/test:1409:7)
      at async Suite.processPendingSubtests (node:internal/test_runner/test:974:7)
