Client: Docker Engine - Community
 Version:    29.8.0
 Context:    default
 Debug Mode: false
 Plugins:
  buildx: Docker Buildx (Docker Inc.)
    Version:  v0.37.1
    Path:     /usr/libexec/docker/cli-plugins/docker-buildx
  compose: Docker Compose (Docker Inc.)
    Version:  v5.5.1
    Path:     /usr/libexec/docker/cli-plugins/docker-compose

Server:
 Containers: 0
  Running: 0
  Paused: 0
  Stopped: 0
 Images: 0
 Server Version: 29.8.0
 Storage Driver: fuse-overlayfs
 Logging Driver: json-file
 Cgroup Driver: cgroupfs
 Cgroup Version: 2
 Plugins:
  Volume: local
  Network: bridge host ipvlan macvlan null overlay
  Log: awslogs fluentd gcplogs gelf journald json-file local splunk syslog
 CDI spec directories:
  /etc/cdi
  /var/run/cdi
 Swarm: inactive
 Runtimes: io.containerd.runc.v2 runc
 Default Runtime: runc
 Init Binary: docker-init
 containerd version: 1294c24a7da8e5a793ed378161673abe94118892
 runc version: v1.5.1-0-g8f2685a4
 init version: de40ad0
 Security Options:
  seccomp
   Profile: builtin
  cgroupns
 Kernel Version: 6.8.0-142-generic
 Operating System: Ubuntu 24.04.4 LTS
 OSType: linux
 Architecture: x86_64
 CPUs: 6
 Total Memory: 11.68GiB
 Name: 89ead66f911b
 ID: 9906cff3-96c6-4524-a3e8-76598c790a18
 Docker Root Dir: /var/lib/docker
 Debug Mode: false
 Experimental: false
 Insecure Registries:
  ::1/128
  127.0.0.0/8
 Live Restore Enabled: false
 Firewall Backend: iptables
  EnableUserlandProxy: true
  UserlandProxyPath: /usr/bin/docker-proxy
