▶ issue 37 task health namespace boundaries
  ✖ ignores an agent in a container namespace but still watches host builds (5.185333ms)
  ✔ keeps agents watched when namespace metadata is unavailable or cleaning a container (7.69736ms)
✖ issue 37 task health namespace boundaries (19.850602ms)
ℹ tests 2
ℹ suites 1
ℹ pass 1
ℹ fail 1
ℹ cancelled 0
ℹ skipped 0
ℹ todo 0
ℹ duration_ms 335.71402

✖ failing tests:

test at node_modules/test-anywhere/src/index.js:174:12
✖ ignores an agent in a container namespace but still watches host builds (5.185333ms)
  Error: Expected [1,2,3] to equal [1,2]
      at Object.toEqual (file:///tmp/gh-issue-solver-1791629994547/node_modules/test-anywhere/src/index.js:399:15)
      at TestContext.<anonymous> (file:///tmp/gh-issue-solver-1791629994547/tests/issue-37-health.test.js:16:54)
      at async Test.run (node:internal/test_runner/test:1409:7)
      at async Promise.all (index 0)
      at async Suite.run (node:internal/test_runner/test:1905:7)
      at async startSubtestAfterBootstrap (node:internal/test_runner/harness:387:3)
