▶ process start times
  ✔ reads the state and start time after a name with spaces and parens (1.587452ms)
  ✔ lists container processes with their start times (850.125411ms)
✔ process start times (854.200475ms)
▶ health watch
  ✔ watches PID 1, agents and build tools (2.221153ms)
  ✔ reports exited processes and reused PIDs (0.569783ms)
  ✔ stops only the environment that lost a process (1.336012ms)
  ✔ stops when the processes can no longer be listed (0.811655ms)
✔ health watch (6.221097ms)
▶ clean with a health check
  ✔ records the watched processes that survived (1600.964964ms)
  ✔ stops cleaning the environment when an agent disappears (721.588311ms)
✔ clean with a health check (2324.079342ms)
▶ issue 36 toolchain caches
  ✔ finds .perl5/build/perl-5/build.o safely and respects its busy tools (414.880599ms)
  ✔ finds .perl5/dists/perl.tar.gz safely and respects its busy tools (688.16759ms)
  ✔ finds .sdkman/tmp/java.zip safely and respects its busy tools (532.5842ms)
  ✔ finds .sdkman/archives/java.zip safely and respects its busy tools (410.149363ms)
  ✔ finds .nvm/.cache/bin/node.tar.gz safely and respects its busy tools (356.796347ms)
  ✔ finds .rbenv/versions/3.3/lib/ruby/gems/3.3.0/cache/test.gem safely and respects its busy tools (366.181627ms)
  ✔ finds .rvm/gems/ruby-3.3/cache/test.gem safely and respects its busy tools (301.434383ms)
  ✔ finds .local/share/gem/ruby/3.3.0/cache/test.gem safely and respects its busy tools (278.723032ms)
  ✔ cleans only downloaded gem files, preserving other cache content (544.966993ms)
  ✔ honors configured cache roots and GOPATH outside the home default (298.160926ms)
  ✔ reports semver baseline builds at safe tier and blocks an active semver check (314.637083ms)
✔ issue 36 toolchain caches (4513.561195ms)
▶ issue 37 task health namespace boundaries
  ✔ ignores an agent in a container namespace but still watches host builds (7.461821ms)
  ✔ keeps agents watched when namespace metadata is unavailable or cleaning a container (0.733087ms)
✔ issue 37 task health namespace boundaries (10.795511ms)
▶ global cache rules find their fixture cache
  ✔ reports only old browser revisions and keeps the newest download (324.912173ms)
  ✔ does not select session transcripts or unique package stores (0.799973ms)
  ✔ covers every ecosystem with a home-directory cache (0.29487ms)
  ✔ javascript: npm-cache (443.009657ms)
  ✔ javascript: npx-cache (0.452485ms)
  ✔ javascript: yarn-cache (0.235961ms)
  ✔ javascript: pnpm-store (0.167462ms)
  ✔ javascript: bun-cache (0.316782ms)
  ✔ javascript: deno-cache (0.305791ms)
  ✔ javascript: node-gyp-cache (0.307524ms)
  ✔ javascript: typescript-types-cache (1.628698ms)
  ✔ python: pip-cache (0.252581ms)
  ✔ python: uv-cache (3.0979ms)
  ✔ python: poetry-cache (0.155719ms)
  ✔ python: poetry-virtualenvs (0.126546ms)
  ✔ python: python-tool-caches (0.111759ms)
  ✔ python: conda-pkgs (0.116547ms)
  ✔ rust: cargo-registry (0.152264ms)
  ✔ rust: cargo-git (0.098905ms)
  ✔ rust: sccache (0.109434ms)
  ✔ rust: rust-script-cache (0.092764ms)
  ✔ jvm: gradle-caches (0.124121ms)
  ✔ jvm: kotlin-native (0.278179ms)
  ✔ jvm: android-build-cache (0.113282ms)
  ✔ go: go-build-cache (0.109234ms)
  ✔ go: go-mod-cache (0.116167ms)
  ✔ go: golangci-lint-cache (0.154458ms)
  ✔ c-cpp: ccache (0.152385ms)
  ✔ c-cpp: vcpkg-archives (0.081763ms)
  ✔ dotnet: nuget-packages (0.062687ms)
  ✔ dotnet: nuget-http-cache (0.058468ms)
  ✔ php: composer-cache (0.058559ms)
  ✔ ruby: gem-cache (0.087153ms)
  ✔ ruby: rubocop-cache (0.119743ms)
  ✔ swift: xcode-derived-data (0.116588ms)
  ✔ swift: swiftpm-cache (0.092322ms)
  ✔ swift: cocoapods-cache (0.186278ms)
  ✔ swift: core-simulator-caches (0.095959ms)
  ✔ swift: ios-device-support (0.106398ms)
  ✔ dart: pub-cache (0.10141ms)
  ✔ haskell: cabal-packages (0.115156ms)
  ✔ haskell: cabal-store (0.375261ms)
  ✔ haskell: stack-cache (0.08072ms)
  ✔ haskell: ghcup-cache (0.091851ms)
  ✔ scala: coursier-cache (0.098414ms)
  ✔ scala: ivy-sbt-cache (0.082323ms)
  ✔ elixir: hex-cache (1.287463ms)
  ✔ ocaml: opam-download-cache (0.156742ms)
  ✔ lean: mathlib-cache (0.130063ms)
  ✔ julia: julia-compiled (0.126286ms)
  ✔ julia: julia-packages (0.126886ms)
  ✔ zig: zig-global-cache (0.084237ms)
  ✔ scripting: cpan-build (0.076432ms)
  ✔ scripting: luarocks-cache (0.075009ms)
  ✔ scripting: nim-cache (0.093655ms)
  ✔ scripting: crystal-cache (0.097191ms)
  ✔ deletes nothing while scanning (14.112148ms)
✔ global cache rules find their fixture cache (803.315423ms)
▶ version manager pruning
  ✔ compares SDKMAN numeric segments (18.303226ms)
  ✔ keeps the newest version in each family and all opam switches (157.145233ms)
✔ version manager pruning (178.079177ms)
ℹ tests 80
ℹ suites 7
ℹ pass 80
ℹ fail 0
ℹ cancelled 0
ℹ skipped 0
ℹ todo 0
ℹ duration_ms 4803.987632
